
> frontend@0.0.0 build
> tsc -b && vite build

[36mvite v7.3.1 [32mbuilding client environment for production...[36m[39m
transforming...
[32mÔ£ô[39m 1826 modules transformed.
node.exe : [33m[plugin 
vite:reporter] 
No linha:1 caractere:1
+ & "C:\Program 
Files\nodejs/node.exe" 
"C:\Program 
Files\nodejs/node_mo ...
+ ~~~~~~~~~~~~~~~~~~~~~~~~~
~~~~~~~~~~~~~~~~~~~~~~~~~~~
~~~~~~~~~~~~~~~~~
    + CategoryInfo         
     : NotSpecified: ([3  
  3m[plugin vite:reporte   
 r] :String) [], Remote    
Exception
    + FullyQualifiedErrorI 
   d : NativeCommandError
 
(!) C:/Users/777/.gemini/an
tigravity/scratch/initQA/no
de_modules/@monaco-editor/r
eact/dist/index.mjs is 
dynamically imported by C:/
Users/777/.gemini/antigravi
ty/scratch/initQA/frontend/
src/shared/ui/Editor.tsx 
but also statically 
imported by C:/Users/777/.g
emini/antigravity/scratch/i
nitQA/frontend/src/shared/u
i/MonacoEditor.tsx, 
dynamic import will not 
move module into another 
chunk.
[39m
rendering chunks...
computing gzip size...
[2mdist/[22m[32mindex.html                 [39m[1m[2m  0.46 kB[22m[1m[22m[2m Ôöé gzip:   0.29 kB[22m
[2mdist/[22m[35massets/index-Dsx9Gh8F.css  [39m[1m[2m 62.31 kB[22m[1m[22m[2m Ôöé gzip:  10.17 kB[22m
[2mdist/[22m[36massets/index-BCw2GRQH.js   [39m[1m[2m436.28 kB[22m[1m[22m[2m Ôöé gzip: 131.07 kB[22m
[32mÔ£ô built in 3.73s[39m
